2026-05-26 06:43:08 [error]: MongoServerSelectionError: getaddrinfo ENOTFOUND cluster0-shard-00-01.kgw4w.mongodb.net
    at Topology.selectServer (C:\pg\clothing-e-commerce\backend\node_modules\mongodb\lib\sdam\topology.js:347:38)
    at runNextTicks (node:internal/process/task_queues:64:5)
    at listOnTimeout (node:internal/timers:567:9)
    at process.processTimers (node:internal/timers:541:7)
    at async tryOperation (C:\pg\clothing-e-commerce\backend\node_modules\mongodb\lib\operations\execute_operation.js:150:18)
    at async executeOperation (C:\pg\clothing-e-commerce\backend\node_modules\mongodb\lib\operations\execute_operation.js:80:16)
    at async FindCursor._initialize (C:\pg\clothing-e-commerce\backend\node_modules\mongodb\lib\cursor\find_cursor.js:62:26)
    at async FindCursor.cursorInit (C:\pg\clothing-e-commerce\backend\node_modules\mongodb\lib\cursor\abstract_cursor.js:620:27)
    at async FindCursor.fetchBatch (C:\pg\clothing-e-commerce\backend\node_modules\mongodb\lib\cursor\abstract_cursor.js:654:13)
    at async FindCursor.next (C:\pg\clothing-e-commerce\backend\node_modules\mongodb\lib\cursor\abstract_cursor.js:326:17)
2026-05-26 12:22:36 [error]: TypeError: Cannot read properties of undefined (reading 'id')
    at file:///C:/pg/clothing-e-commerce/backend/src/modules/cart/cart.controller.js:27:27
    at file:///C:/pg/clothing-e-commerce/backend/src/middleware/asyncHandler.js:2:19
    at Layer.handleRequest (C:\pg\clothing-e-commerce\backend\node_modules\router\lib\layer.js:152:17)
    at next (C:\pg\clothing-e-commerce\backend\node_modules\router\lib\route.js:157:13)
    at Route.dispatch (C:\pg\clothing-e-commerce\backend\node_modules\router\lib\route.js:117:3)
    at handle (C:\pg\clothing-e-commerce\backend\node_modules\router\index.js:435:11)
    at Layer.handleRequest (C:\pg\clothing-e-commerce\backend\node_modules\router\lib\layer.js:152:17)
    at C:\pg\clothing-e-commerce\backend\node_modules\router\index.js:295:15
    at processParams (C:\pg\clothing-e-commerce\backend\node_modules\router\index.js:582:12)
    at next (C:\pg\clothing-e-commerce\backend\node_modules\router\index.js:291:5)
2026-05-26 12:22:36 [error]: TypeError: Cannot read properties of undefined (reading 'id')
    at file:///C:/pg/clothing-e-commerce/backend/src/modules/wishlist/wishlist.controller.js:14:27
    at file:///C:/pg/clothing-e-commerce/backend/src/middleware/asyncHandler.js:2:19
    at Layer.handleRequest (C:\pg\clothing-e-commerce\backend\node_modules\router\lib\layer.js:152:17)
    at next (C:\pg\clothing-e-commerce\backend\node_modules\router\lib\route.js:157:13)
    at Route.dispatch (C:\pg\clothing-e-commerce\backend\node_modules\router\lib\route.js:117:3)
    at handle (C:\pg\clothing-e-commerce\backend\node_modules\router\index.js:435:11)
    at Layer.handleRequest (C:\pg\clothing-e-commerce\backend\node_modules\router\lib\layer.js:152:17)
    at C:\pg\clothing-e-commerce\backend\node_modules\router\index.js:295:15
    at processParams (C:\pg\clothing-e-commerce\backend\node_modules\router\index.js:582:12)
    at next (C:\pg\clothing-e-commerce\backend\node_modules\router\index.js:291:5)
2026-05-26 12:35:41 [error]: TypeError: Cannot read properties of undefined (reading 'id')
    at file:///C:/pg/clothing-e-commerce/backend/src/modules/cart/cart.controller.js:27:27
    at file:///C:/pg/clothing-e-commerce/backend/src/middleware/asyncHandler.js:2:19
    at Layer.handleRequest (C:\pg\clothing-e-commerce\backend\node_modules\router\lib\layer.js:152:17)
    at next (C:\pg\clothing-e-commerce\backend\node_modules\router\lib\route.js:157:13)
    at Route.dispatch (C:\pg\clothing-e-commerce\backend\node_modules\router\lib\route.js:117:3)
    at handle (C:\pg\clothing-e-commerce\backend\node_modules\router\index.js:435:11)
    at Layer.handleRequest (C:\pg\clothing-e-commerce\backend\node_modules\router\lib\layer.js:152:17)
    at C:\pg\clothing-e-commerce\backend\node_modules\router\index.js:295:15
    at processParams (C:\pg\clothing-e-commerce\backend\node_modules\router\index.js:582:12)
    at next (C:\pg\clothing-e-commerce\backend\node_modules\router\index.js:291:5)
2026-05-26 12:35:41 [error]: TypeError: Cannot read properties of undefined (reading 'id')
    at file:///C:/pg/clothing-e-commerce/backend/src/modules/wishlist/wishlist.controller.js:14:27
    at file:///C:/pg/clothing-e-commerce/backend/src/middleware/asyncHandler.js:2:19
    at Layer.handleRequest (C:\pg\clothing-e-commerce\backend\node_modules\router\lib\layer.js:152:17)
    at next (C:\pg\clothing-e-commerce\backend\node_modules\router\lib\route.js:157:13)
    at Route.dispatch (C:\pg\clothing-e-commerce\backend\node_modules\router\lib\route.js:117:3)
    at handle (C:\pg\clothing-e-commerce\backend\node_modules\router\index.js:435:11)
    at Layer.handleRequest (C:\pg\clothing-e-commerce\backend\node_modules\router\lib\layer.js:152:17)
    at C:\pg\clothing-e-commerce\backend\node_modules\router\index.js:295:15
    at processParams (C:\pg\clothing-e-commerce\backend\node_modules\router\index.js:582:12)
    at next (C:\pg\clothing-e-commerce\backend\node_modules\router\index.js:291:5)
2026-05-26 17:13:19 [error]: MongoServerSelectionError: getaddrinfo ENOTFOUND cluster0-shard-00-00.kgw4w.mongodb.net
    at Topology.selectServer (C:\pg\clothing-e-commerce\backend\node_modules\mongodb\lib\sdam\topology.js:347:38)
    at runNextTicks (node:internal/process/task_queues:64:5)
    at listOnTimeout (node:internal/timers:567:9)
    at process.processTimers (node:internal/timers:541:7)
    at async tryOperation (C:\pg\clothing-e-commerce\backend\node_modules\mongodb\lib\operations\execute_operation.js:150:18)
    at async executeOperation (C:\pg\clothing-e-commerce\backend\node_modules\mongodb\lib\operations\execute_operation.js:80:16)
    at async FindCursor._initialize (C:\pg\clothing-e-commerce\backend\node_modules\mongodb\lib\cursor\find_cursor.js:62:26)
    at async FindCursor.cursorInit (C:\pg\clothing-e-commerce\backend\node_modules\mongodb\lib\cursor\abstract_cursor.js:620:27)
    at async FindCursor.fetchBatch (C:\pg\clothing-e-commerce\backend\node_modules\mongodb\lib\cursor\abstract_cursor.js:654:13)
    at async FindCursor.next (C:\pg\clothing-e-commerce\backend\node_modules\mongodb\lib\cursor\abstract_cursor.js:326:17)
2026-05-26 23:25:04 [error]: MongoServerSelectionError: getaddrinfo ENOTFOUND cluster0-shard-00-00.kgw4w.mongodb.net
    at Topology.selectServer (C:\pg\clothing-e-commerce\backend\node_modules\mongodb\lib\sdam\topology.js:347:38)
    at runNextTicks (node:internal/process/task_queues:64:5)
    at listOnTimeout (node:internal/timers:567:9)
    at process.processTimers (node:internal/timers:541:7)
    at async tryOperation (C:\pg\clothing-e-commerce\backend\node_modules\mongodb\lib\operations\execute_operation.js:150:18)
    at async executeOperation (C:\pg\clothing-e-commerce\backend\node_modules\mongodb\lib\operations\execute_operation.js:80:16)
    at async FindCursor._initialize (C:\pg\clothing-e-commerce\backend\node_modules\mongodb\lib\cursor\find_cursor.js:62:26)
    at async FindCursor.cursorInit (C:\pg\clothing-e-commerce\backend\node_modules\mongodb\lib\cursor\abstract_cursor.js:620:27)
    at async FindCursor.fetchBatch (C:\pg\clothing-e-commerce\backend\node_modules\mongodb\lib\cursor\abstract_cursor.js:654:13)
    at async FindCursor.next (C:\pg\clothing-e-commerce\backend\node_modules\mongodb\lib\cursor\abstract_cursor.js:326:17)
2026-06-01 00:52:58 [error]: TypeError: Cannot destructure property 'idToken' of 'req.body' as it is undefined.
    at googleLogin (file:///C:/pg/clothing-e-commerce/backend/src/modules/auth/auth.controller.js:303:11)
    at Layer.handleRequest (C:\pg\clothing-e-commerce\backend\node_modules\router\lib\layer.js:152:17)
    at next (C:\pg\clothing-e-commerce\backend\node_modules\router\lib\route.js:157:13)
    at file:///C:/pg/clothing-e-commerce/backend/node_modules/express-rate-limit/dist/index.mjs:970:7
    at process.processTicksAndRejections (node:internal/process/task_queues:103:5)
    at async file:///C:/pg/clothing-e-commerce/backend/node_modules/express-rate-limit/dist/index.mjs:825:5
2026-06-01 00:52:58 [error]: TypeError: Cannot destructure property 'accessToken' of 'req.body' as it is undefined.
    at facebookLogin (file:///C:/pg/clothing-e-commerce/backend/src/modules/auth/auth.controller.js:418:11)
    at Layer.handleRequest (C:\pg\clothing-e-commerce\backend\node_modules\router\lib\layer.js:152:17)
    at next (C:\pg\clothing-e-commerce\backend\node_modules\router\lib\route.js:157:13)
    at file:///C:/pg/clothing-e-commerce/backend/node_modules/express-rate-limit/dist/index.mjs:970:7
    at process.processTicksAndRejections (node:internal/process/task_queues:103:5)
    at async file:///C:/pg/clothing-e-commerce/backend/node_modules/express-rate-limit/dist/index.mjs:825:5
2026-06-01 00:52:58 [error]: TypeError: Cannot destructure property 'email' of 'req.body' as it is undefined.
    at forgotPassword (file:///C:/pg/clothing-e-commerce/backend/src/modules/auth/auth.controller.js:210:11)
    at Layer.handleRequest (C:\pg\clothing-e-commerce\backend\node_modules\router\lib\layer.js:152:17)
    at next (C:\pg\clothing-e-commerce\backend\node_modules\router\lib\route.js:157:13)
    at file:///C:/pg/clothing-e-commerce/backend/node_modules/express-rate-limit/dist/index.mjs:970:7
    at process.processTicksAndRejections (node:internal/process/task_queues:103:5)
    at async file:///C:/pg/clothing-e-commerce/backend/node_modules/express-rate-limit/dist/index.mjs:825:5
2026-06-01 00:52:58 [error]: TypeError: Cannot destructure property 'password' of 'req.body' as it is undefined.
    at resetPassword (file:///C:/pg/clothing-e-commerce/backend/src/modules/auth/auth.controller.js:255:11)
    at Layer.handleRequest (C:\pg\clothing-e-commerce\backend\node_modules\router\lib\layer.js:152:17)
    at next (C:\pg\clothing-e-commerce\backend\node_modules\router\lib\route.js:157:13)
    at file:///C:/pg/clothing-e-commerce/backend/node_modules/express-rate-limit/dist/index.mjs:970:7
    at process.processTicksAndRejections (node:internal/process/task_queues:103:5)
    at async file:///C:/pg/clothing-e-commerce/backend/node_modules/express-rate-limit/dist/index.mjs:825:5
2026-06-01 00:52:58 [error]: Error: Subcategory not found
    at file:///C:/pg/clothing-e-commerce/backend/src/modules/subcategory/subcategory.controller.js:103:15
    at process.processTicksAndRejections (node:internal/process/task_queues:103:5)
2026-06-01 00:55:19 [error]: TypeError: Cannot destructure property 'idToken' of 'req.body' as it is undefined.
    at googleLogin (file:///C:/pg/clothing-e-commerce/backend/src/modules/auth/auth.controller.js:303:11)
    at Layer.handleRequest (C:\pg\clothing-e-commerce\backend\node_modules\router\lib\layer.js:152:17)
    at next (C:\pg\clothing-e-commerce\backend\node_modules\router\lib\route.js:157:13)
    at file:///C:/pg/clothing-e-commerce/backend/node_modules/express-rate-limit/dist/index.mjs:970:7
    at process.processTicksAndRejections (node:internal/process/task_queues:103:5)
    at async file:///C:/pg/clothing-e-commerce/backend/node_modules/express-rate-limit/dist/index.mjs:825:5
2026-06-01 00:55:19 [error]: TypeError: Cannot destructure property 'accessToken' of 'req.body' as it is undefined.
    at facebookLogin (file:///C:/pg/clothing-e-commerce/backend/src/modules/auth/auth.controller.js:418:11)
    at Layer.handleRequest (C:\pg\clothing-e-commerce\backend\node_modules\router\lib\layer.js:152:17)
    at next (C:\pg\clothing-e-commerce\backend\node_modules\router\lib\route.js:157:13)
    at file:///C:/pg/clothing-e-commerce/backend/node_modules/express-rate-limit/dist/index.mjs:970:7
    at process.processTicksAndRejections (node:internal/process/task_queues:103:5)
    at async file:///C:/pg/clothing-e-commerce/backend/node_modules/express-rate-limit/dist/index.mjs:825:5
2026-06-01 00:55:19 [error]: TypeError: Cannot destructure property 'email' of 'req.body' as it is undefined.
    at forgotPassword (file:///C:/pg/clothing-e-commerce/backend/src/modules/auth/auth.controller.js:210:11)
    at Layer.handleRequest (C:\pg\clothing-e-commerce\backend\node_modules\router\lib\layer.js:152:17)
    at next (C:\pg\clothing-e-commerce\backend\node_modules\router\lib\route.js:157:13)
    at file:///C:/pg/clothing-e-commerce/backend/node_modules/express-rate-limit/dist/index.mjs:970:7
    at process.processTicksAndRejections (node:internal/process/task_queues:103:5)
    at async file:///C:/pg/clothing-e-commerce/backend/node_modules/express-rate-limit/dist/index.mjs:825:5
2026-06-01 00:55:19 [error]: TypeError: Cannot destructure property 'password' of 'req.body' as it is undefined.
    at resetPassword (file:///C:/pg/clothing-e-commerce/backend/src/modules/auth/auth.controller.js:255:11)
    at Layer.handleRequest (C:\pg\clothing-e-commerce\backend\node_modules\router\lib\layer.js:152:17)
    at next (C:\pg\clothing-e-commerce\backend\node_modules\router\lib\route.js:157:13)
    at file:///C:/pg/clothing-e-commerce/backend/node_modules/express-rate-limit/dist/index.mjs:970:7
    at process.processTicksAndRejections (node:internal/process/task_queues:103:5)
    at async file:///C:/pg/clothing-e-commerce/backend/node_modules/express-rate-limit/dist/index.mjs:825:5
2026-06-01 00:55:19 [error]: Error: Subcategory not found
    at file:///C:/pg/clothing-e-commerce/backend/src/modules/subcategory/subcategory.controller.js:103:15
    at process.processTicksAndRejections (node:internal/process/task_queues:103:5)
2026-06-01 00:56:29 [error]: TypeError: Cannot destructure property 'idToken' of 'req.body' as it is undefined.
    at googleLogin (file:///C:/pg/clothing-e-commerce/backend/src/modules/auth/auth.controller.js:303:11)
    at Layer.handleRequest (C:\pg\clothing-e-commerce\backend\node_modules\router\lib\layer.js:152:17)
    at next (C:\pg\clothing-e-commerce\backend\node_modules\router\lib\route.js:157:13)
    at file:///C:/pg/clothing-e-commerce/backend/node_modules/express-rate-limit/dist/index.mjs:970:7
    at process.processTicksAndRejections (node:internal/process/task_queues:103:5)
    at async file:///C:/pg/clothing-e-commerce/backend/node_modules/express-rate-limit/dist/index.mjs:825:5
2026-06-01 00:56:29 [error]: TypeError: Cannot destructure property 'accessToken' of 'req.body' as it is undefined.
    at facebookLogin (file:///C:/pg/clothing-e-commerce/backend/src/modules/auth/auth.controller.js:418:11)
    at Layer.handleRequest (C:\pg\clothing-e-commerce\backend\node_modules\router\lib\layer.js:152:17)
    at next (C:\pg\clothing-e-commerce\backend\node_modules\router\lib\route.js:157:13)
    at file:///C:/pg/clothing-e-commerce/backend/node_modules/express-rate-limit/dist/index.mjs:970:7
    at process.processTicksAndRejections (node:internal/process/task_queues:103:5)
    at async file:///C:/pg/clothing-e-commerce/backend/node_modules/express-rate-limit/dist/index.mjs:825:5
2026-06-01 00:56:29 [error]: TypeError: Cannot destructure property 'email' of 'req.body' as it is undefined.
    at forgotPassword (file:///C:/pg/clothing-e-commerce/backend/src/modules/auth/auth.controller.js:210:11)
    at Layer.handleRequest (C:\pg\clothing-e-commerce\backend\node_modules\router\lib\layer.js:152:17)
    at next (C:\pg\clothing-e-commerce\backend\node_modules\router\lib\route.js:157:13)
    at file:///C:/pg/clothing-e-commerce/backend/node_modules/express-rate-limit/dist/index.mjs:970:7
    at process.processTicksAndRejections (node:internal/process/task_queues:103:5)
    at async file:///C:/pg/clothing-e-commerce/backend/node_modules/express-rate-limit/dist/index.mjs:825:5
2026-06-01 00:56:29 [error]: TypeError: Cannot destructure property 'password' of 'req.body' as it is undefined.
    at resetPassword (file:///C:/pg/clothing-e-commerce/backend/src/modules/auth/auth.controller.js:255:11)
    at Layer.handleRequest (C:\pg\clothing-e-commerce\backend\node_modules\router\lib\layer.js:152:17)
    at next (C:\pg\clothing-e-commerce\backend\node_modules\router\lib\route.js:157:13)
    at file:///C:/pg/clothing-e-commerce/backend/node_modules/express-rate-limit/dist/index.mjs:970:7
    at process.processTicksAndRejections (node:internal/process/task_queues:103:5)
    at async file:///C:/pg/clothing-e-commerce/backend/node_modules/express-rate-limit/dist/index.mjs:825:5
2026-06-01 00:56:29 [error]: Error: Subcategory not found
    at file:///C:/pg/clothing-e-commerce/backend/src/modules/subcategory/subcategory.controller.js:103:15
    at process.processTicksAndRejections (node:internal/process/task_queues:103:5)
2026-06-01 00:58:47 [error]: TypeError: Cannot destructure property 'idToken' of 'req.body' as it is undefined.
    at googleLogin (file:///C:/pg/clothing-e-commerce/backend/src/modules/auth/auth.controller.js:303:11)
    at Layer.handleRequest (C:\pg\clothing-e-commerce\backend\node_modules\router\lib\layer.js:152:17)
    at next (C:\pg\clothing-e-commerce\backend\node_modules\router\lib\route.js:157:13)
    at file:///C:/pg/clothing-e-commerce/backend/node_modules/express-rate-limit/dist/index.mjs:970:7
    at process.processTicksAndRejections (node:internal/process/task_queues:103:5)
    at async file:///C:/pg/clothing-e-commerce/backend/node_modules/express-rate-limit/dist/index.mjs:825:5
2026-06-01 00:58:47 [error]: TypeError: Cannot destructure property 'accessToken' of 'req.body' as it is undefined.
    at facebookLogin (file:///C:/pg/clothing-e-commerce/backend/src/modules/auth/auth.controller.js:418:11)
    at Layer.handleRequest (C:\pg\clothing-e-commerce\backend\node_modules\router\lib\layer.js:152:17)
    at next (C:\pg\clothing-e-commerce\backend\node_modules\router\lib\route.js:157:13)
    at file:///C:/pg/clothing-e-commerce/backend/node_modules/express-rate-limit/dist/index.mjs:970:7
    at process.processTicksAndRejections (node:internal/process/task_queues:103:5)
    at async file:///C:/pg/clothing-e-commerce/backend/node_modules/express-rate-limit/dist/index.mjs:825:5
2026-06-01 00:58:47 [error]: TypeError: Cannot destructure property 'email' of 'req.body' as it is undefined.
    at forgotPassword (file:///C:/pg/clothing-e-commerce/backend/src/modules/auth/auth.controller.js:210:11)
    at Layer.handleRequest (C:\pg\clothing-e-commerce\backend\node_modules\router\lib\layer.js:152:17)
    at next (C:\pg\clothing-e-commerce\backend\node_modules\router\lib\route.js:157:13)
    at file:///C:/pg/clothing-e-commerce/backend/node_modules/express-rate-limit/dist/index.mjs:970:7
    at process.processTicksAndRejections (node:internal/process/task_queues:103:5)
    at async file:///C:/pg/clothing-e-commerce/backend/node_modules/express-rate-limit/dist/index.mjs:825:5
2026-06-01 00:58:47 [error]: TypeError: Cannot destructure property 'password' of 'req.body' as it is undefined.
    at resetPassword (file:///C:/pg/clothing-e-commerce/backend/src/modules/auth/auth.controller.js:255:11)
    at Layer.handleRequest (C:\pg\clothing-e-commerce\backend\node_modules\router\lib\layer.js:152:17)
    at next (C:\pg\clothing-e-commerce\backend\node_modules\router\lib\route.js:157:13)
    at file:///C:/pg/clothing-e-commerce/backend/node_modules/express-rate-limit/dist/index.mjs:970:7
    at process.processTicksAndRejections (node:internal/process/task_queues:103:5)
    at async file:///C:/pg/clothing-e-commerce/backend/node_modules/express-rate-limit/dist/index.mjs:825:5
2026-06-01 00:58:48 [error]: TypeError: Cannot read properties of undefined (reading 'name')
    at file:///C:/pg/clothing-e-commerce/backend/src/modules/user/user.controller.js:34:24
    at process.processTicksAndRejections (node:internal/process/task_queues:103:5)
2026-06-01 00:58:48 [error]: TypeError: Cannot destructure property 'currentPassword' of 'req.body' as it is undefined.
    at file:///C:/pg/clothing-e-commerce/backend/src/modules/user/user.controller.js:68:11
    at file:///C:/pg/clothing-e-commerce/backend/src/middleware/asyncHandler.js:2:19
    at Layer.handleRequest (C:\pg\clothing-e-commerce\backend\node_modules\router\lib\layer.js:152:17)
    at next (C:\pg\clothing-e-commerce\backend\node_modules\router\lib\route.js:157:13)
    at protect (file:///C:/pg/clothing-e-commerce/backend/src/middleware/auth.js:27:5)
    at process.processTicksAndRejections (node:internal/process/task_queues:103:5)
2026-06-01 00:58:49 [error]: Error: Subcategory not found
    at file:///C:/pg/clothing-e-commerce/backend/src/modules/subcategory/subcategory.controller.js:103:15
    at process.processTicksAndRejections (node:internal/process/task_queues:103:5)
2026-06-01 00:58:51 [error]: TypeError: Cannot destructure property 'productId' of 'req.body' as it is undefined.
    at file:///C:/pg/clothing-e-commerce/backend/src/modules/review/review.controller.js:52:11
    at file:///C:/pg/clothing-e-commerce/backend/src/middleware/asyncHandler.js:2:19
    at Layer.handleRequest (C:\pg\clothing-e-commerce\backend\node_modules\router\lib\layer.js:152:17)
    at next (C:\pg\clothing-e-commerce\backend\node_modules\router\lib\route.js:157:13)
    at multerMiddleware (C:\pg\clothing-e-commerce\backend\node_modules\multer\lib\make-middleware.js:18:41)
    at Layer.handleRequest (C:\pg\clothing-e-commerce\backend\node_modules\router\lib\layer.js:152:17)
    at next (C:\pg\clothing-e-commerce\backend\node_modules\router\lib\route.js:157:13)
    at Route.dispatch (C:\pg\clothing-e-commerce\backend\node_modules\router\lib\route.js:117:3)
    at handle (C:\pg\clothing-e-commerce\backend\node_modules\router\index.js:435:11)
    at Layer.handleRequest (C:\pg\clothing-e-commerce\backend\node_modules\router\lib\layer.js:152:17)
2026-06-01 00:58:51 [error]: TypeError: Cannot destructure property 'rating' of 'req.body' as it is undefined.
    at file:///C:/pg/clothing-e-commerce/backend/src/modules/review/review.controller.js:83:13
    at file:///C:/pg/clothing-e-commerce/backend/src/middleware/asyncHandler.js:2:19
    at Layer.handleRequest (C:\pg\clothing-e-commerce\backend\node_modules\router\lib\layer.js:152:17)
    at next (C:\pg\clothing-e-commerce\backend\node_modules\router\lib\route.js:157:13)
    at multerMiddleware (C:\pg\clothing-e-commerce\backend\node_modules\multer\lib\make-middleware.js:18:41)
    at Layer.handleRequest (C:\pg\clothing-e-commerce\backend\node_modules\router\lib\layer.js:152:17)
    at next (C:\pg\clothing-e-commerce\backend\node_modules\router\lib\route.js:157:13)
    at Route.dispatch (C:\pg\clothing-e-commerce\backend\node_modules\router\lib\route.js:117:3)
    at handle (C:\pg\clothing-e-commerce\backend\node_modules\router\index.js:435:11)
    at Layer.handleRequest (C:\pg\clothing-e-commerce\backend\node_modules\router\lib\layer.js:152:17)
2026-06-01 00:58:52 [error]: ValidationError: Coupon validation failed: discountValue: Path `discountValue` is required., discountType: Path `discountType` is required., code: Path `code` is required.
    at model.validate (C:\pg\clothing-e-commerce\backend\node_modules\mongoose\lib\document.js:2864:36)
    at process.processTicksAndRejections (node:internal/process/task_queues:103:5)
    at async model.$__save (C:\pg\clothing-e-commerce\backend\node_modules\mongoose\lib\model.js:390:7)
    at async model.save (C:\pg\clothing-e-commerce\backend\node_modules\mongoose\lib\model.js:664:5)
    at async model.create (C:\pg\clothing-e-commerce\backend\node_modules\mongoose\lib\model.js:2751:5)
    at async file:///C:/pg/clothing-e-commerce/backend/src/modules/coupon/coupon.controller.js:7:18
2026-06-01 00:59:05 [error]: TypeError: Cannot destructure property 'idToken' of 'req.body' as it is undefined.
    at googleLogin (file:///C:/pg/clothing-e-commerce/backend/src/modules/auth/auth.controller.js:303:11)
    at Layer.handleRequest (C:\pg\clothing-e-commerce\backend\node_modules\router\lib\layer.js:152:17)
    at next (C:\pg\clothing-e-commerce\backend\node_modules\router\lib\route.js:157:13)
    at file:///C:/pg/clothing-e-commerce/backend/node_modules/express-rate-limit/dist/index.mjs:970:7
    at process.processTicksAndRejections (node:internal/process/task_queues:103:5)
    at async file:///C:/pg/clothing-e-commerce/backend/node_modules/express-rate-limit/dist/index.mjs:825:5
2026-06-01 00:59:05 [error]: TypeError: Cannot destructure property 'accessToken' of 'req.body' as it is undefined.
    at facebookLogin (file:///C:/pg/clothing-e-commerce/backend/src/modules/auth/auth.controller.js:418:11)
    at Layer.handleRequest (C:\pg\clothing-e-commerce\backend\node_modules\router\lib\layer.js:152:17)
    at next (C:\pg\clothing-e-commerce\backend\node_modules\router\lib\route.js:157:13)
    at file:///C:/pg/clothing-e-commerce/backend/node_modules/express-rate-limit/dist/index.mjs:970:7
    at process.processTicksAndRejections (node:internal/process/task_queues:103:5)
    at async file:///C:/pg/clothing-e-commerce/backend/node_modules/express-rate-limit/dist/index.mjs:825:5
2026-06-01 00:59:05 [error]: TypeError: Cannot destructure property 'email' of 'req.body' as it is undefined.
    at forgotPassword (file:///C:/pg/clothing-e-commerce/backend/src/modules/auth/auth.controller.js:210:11)
    at Layer.handleRequest (C:\pg\clothing-e-commerce\backend\node_modules\router\lib\layer.js:152:17)
    at next (C:\pg\clothing-e-commerce\backend\node_modules\router\lib\route.js:157:13)
    at file:///C:/pg/clothing-e-commerce/backend/node_modules/express-rate-limit/dist/index.mjs:970:7
    at process.processTicksAndRejections (node:internal/process/task_queues:103:5)
    at async file:///C:/pg/clothing-e-commerce/backend/node_modules/express-rate-limit/dist/index.mjs:825:5
2026-06-01 00:59:05 [error]: TypeError: Cannot destructure property 'password' of 'req.body' as it is undefined.
    at resetPassword (file:///C:/pg/clothing-e-commerce/backend/src/modules/auth/auth.controller.js:255:11)
    at Layer.handleRequest (C:\pg\clothing-e-commerce\backend\node_modules\router\lib\layer.js:152:17)
    at next (C:\pg\clothing-e-commerce\backend\node_modules\router\lib\route.js:157:13)
    at file:///C:/pg/clothing-e-commerce/backend/node_modules/express-rate-limit/dist/index.mjs:970:7
    at process.processTicksAndRejections (node:internal/process/task_queues:103:5)
    at async file:///C:/pg/clothing-e-commerce/backend/node_modules/express-rate-limit/dist/index.mjs:825:5
2026-06-01 00:59:05 [error]: TypeError: Cannot read properties of undefined (reading 'name')
    at file:///C:/pg/clothing-e-commerce/backend/src/modules/user/user.controller.js:34:24
    at process.processTicksAndRejections (node:internal/process/task_queues:103:5)
2026-06-01 00:59:05 [error]: TypeError: Cannot destructure property 'currentPassword' of 'req.body' as it is undefined.
    at file:///C:/pg/clothing-e-commerce/backend/src/modules/user/user.controller.js:68:11
    at file:///C:/pg/clothing-e-commerce/backend/src/middleware/asyncHandler.js:2:19
    at Layer.handleRequest (C:\pg\clothing-e-commerce\backend\node_modules\router\lib\layer.js:152:17)
    at next (C:\pg\clothing-e-commerce\backend\node_modules\router\lib\route.js:157:13)
    at protect (file:///C:/pg/clothing-e-commerce/backend/src/middleware/auth.js:27:5)
    at process.processTicksAndRejections (node:internal/process/task_queues:103:5)
2026-06-01 00:59:07 [error]: Error: Subcategory not found
    at file:///C:/pg/clothing-e-commerce/backend/src/modules/subcategory/subcategory.controller.js:103:15
    at process.processTicksAndRejections (node:internal/process/task_queues:103:5)
2026-06-01 00:59:09 [error]: TypeError: Cannot destructure property 'productId' of 'req.body' as it is undefined.
    at file:///C:/pg/clothing-e-commerce/backend/src/modules/review/review.controller.js:52:11
    at file:///C:/pg/clothing-e-commerce/backend/src/middleware/asyncHandler.js:2:19
    at Layer.handleRequest (C:\pg\clothing-e-commerce\backend\node_modules\router\lib\layer.js:152:17)
    at next (C:\pg\clothing-e-commerce\backend\node_modules\router\lib\route.js:157:13)
    at multerMiddleware (C:\pg\clothing-e-commerce\backend\node_modules\multer\lib\make-middleware.js:18:41)
    at Layer.handleRequest (C:\pg\clothing-e-commerce\backend\node_modules\router\lib\layer.js:152:17)
    at next (C:\pg\clothing-e-commerce\backend\node_modules\router\lib\route.js:157:13)
    at Route.dispatch (C:\pg\clothing-e-commerce\backend\node_modules\router\lib\route.js:117:3)
    at handle (C:\pg\clothing-e-commerce\backend\node_modules\router\index.js:435:11)
    at Layer.handleRequest (C:\pg\clothing-e-commerce\backend\node_modules\router\lib\layer.js:152:17)
2026-06-01 00:59:09 [error]: TypeError: Cannot destructure property 'rating' of 'req.body' as it is undefined.
    at file:///C:/pg/clothing-e-commerce/backend/src/modules/review/review.controller.js:83:13
    at file:///C:/pg/clothing-e-commerce/backend/src/middleware/asyncHandler.js:2:19
    at Layer.handleRequest (C:\pg\clothing-e-commerce\backend\node_modules\router\lib\layer.js:152:17)
    at next (C:\pg\clothing-e-commerce\backend\node_modules\router\lib\route.js:157:13)
    at multerMiddleware (C:\pg\clothing-e-commerce\backend\node_modules\multer\lib\make-middleware.js:18:41)
    at Layer.handleRequest (C:\pg\clothing-e-commerce\backend\node_modules\router\lib\layer.js:152:17)
    at next (C:\pg\clothing-e-commerce\backend\node_modules\router\lib\route.js:157:13)
    at Route.dispatch (C:\pg\clothing-e-commerce\backend\node_modules\router\lib\route.js:117:3)
    at handle (C:\pg\clothing-e-commerce\backend\node_modules\router\index.js:435:11)
    at Layer.handleRequest (C:\pg\clothing-e-commerce\backend\node_modules\router\lib\layer.js:152:17)
2026-06-01 00:59:10 [error]: ValidationError: Coupon validation failed: discountValue: Path `discountValue` is required., discountType: Path `discountType` is required., code: Path `code` is required.
    at model.validate (C:\pg\clothing-e-commerce\backend\node_modules\mongoose\lib\document.js:2864:36)
    at process.processTicksAndRejections (node:internal/process/task_queues:103:5)
    at async model.$__save (C:\pg\clothing-e-commerce\backend\node_modules\mongoose\lib\model.js:390:7)
    at async model.save (C:\pg\clothing-e-commerce\backend\node_modules\mongoose\lib\model.js:664:5)
    at async model.create (C:\pg\clothing-e-commerce\backend\node_modules\mongoose\lib\model.js:2751:5)
    at async file:///C:/pg/clothing-e-commerce/backend/src/modules/coupon/coupon.controller.js:7:18
2026-06-01 00:59:11 [error]: TypeError: Cannot read properties of undefined (reading 'config')
    at file:///C:/pg/clothing-e-commerce/backend/src/modules/settings/settings.controller.js:91:18
    at file:///C:/pg/clothing-e-commerce/backend/src/middleware/asyncHandler.js:2:19
    at Layer.handleRequest (C:\pg\clothing-e-commerce\backend\node_modules\router\lib\layer.js:152:17)
    at next (C:\pg\clothing-e-commerce\backend\node_modules\router\lib\route.js:157:13)
    at multerMiddleware (C:\pg\clothing-e-commerce\backend\node_modules\multer\lib\make-middleware.js:18:41)
    at Layer.handleRequest (C:\pg\clothing-e-commerce\backend\node_modules\router\lib\layer.js:152:17)
    at next (C:\pg\clothing-e-commerce\backend\node_modules\router\lib\route.js:157:13)
    at admin (file:///C:/pg/clothing-e-commerce/backend/src/middleware/auth.js:37:12)
    at Layer.handleRequest (C:\pg\clothing-e-commerce\backend\node_modules\router\lib\layer.js:152:17)
    at next (C:\pg\clothing-e-commerce\backend\node_modules\router\lib\route.js:157:13)
